// Jest Snapshot v1, https://goo.gl/fbAQLP

exports[`<Footer /> should match with snapshot 1`] = `
<div>
  <header
    class="sc-bdnylx bHQvcL"
  >
    Made with ♥ by Julián Drets
  </header>
</div>
`;
