// Jest Snapshot v1, https://goo.gl/fbAQLP

exports[`<Chip /> should match with snapshot 1`] = `
<div>
  <div
    class="sc-gtssRu dngUbG"
  >
    <div
      class="sc-dlnjPT bmVKDB"
    >
      <div
        class="sc-hKFyIo jmlARW"
      >
        dummy label
      </div>
      <div
        class="sc-eCApGN FQpIN"
        data-testid="chip-close-button"
      >
        <span
          class="sc-bdnylx kpuqbH"
          color="#000000"
          height="22px"
          rotate="0"
          width="22px"
        >
          <svg
            class=""
            viewBox="0 0 512 512"
            xmlns="http://www.w3.org/2000/svg"
          >
            
            <path
              d="M289.94 256l95-95A24 24 0 00351 127l-95 95-95-95a24 24 0 00-34 34l95 95-95 95a24 24 0 1034 34l95-95 95 95a24 24 0 0034-34z"
            />
          </svg>
        </span>
      </div>
    </div>
  </div>
</div>
`;
