// Jest Snapshot v1, https://goo.gl/fbAQLP

exports[`<MainWrapper /> should match with snapshot 1`] = `
<div>
  <header
    class="sc-bdnylx fEXxkD"
  >
    Main wrapper
  </header>
</div>
`;
